// Jest Snapshot v1, https://goo.gl/fbAQLP

exports[`Header renders correctly 1`] = `
<header>
  <a
    href="/"
  >
    <img
      alt="Verdicare"
      src="verdicare.svg"
    />
  </a>
  <div>
    <div
      className="searchWrapper"
    >
      <input
        name="search"
        placeholder="Look for a plant"
        type="text"
      />
      <svg
        aria-hidden="true"
        className="searchIcon"
        fill="currentColor"
        height="1em"
        stroke="currentColor"
        strokeWidth="0"
        style={
          Object {
            "color": undefined,
          }
        }
        viewBox="0 0 20 20"
        width="1em"
        xmlns="http://www.w3.org/2000/svg"
      >
        <path
          clipRule="evenodd"
          d="M9 3.5a5.5 5.5 0 100 11 5.5 5.5 0 000-11zM2 9a7 7 0 1112.452 4.391l3.328 3.329a.75.75 0 11-1.06 1.06l-3.329-3.328A7 7 0 012 9z"
          fillRule="evenodd"
        />
      </svg>
    </div>
    <div
      id="languageMenu"
    >
      <span
        className="flagWrapper"
        onClick={[Function]}
      >
        <span
          className="selectedLanguage fi fi-us fis"
        />
      </span>
      <div
        className="languageSelect"
      >
        <ul>
          <li
            className="flagWrapper"
            data-testid="bg"
            onClick={[Function]}
          >
            <span
              className="fi fi-bg fis"
            />
          </li>
          <li
            className="flagWrapper"
            data-testid="cz"
            onClick={[Function]}
          >
            <span
              className="fi fi-cz fis"
            />
          </li>
          <li
            className="flagWrapper"
            data-testid="dk"
            onClick={[Function]}
          >
            <span
              className="fi fi-dk fis"
            />
          </li>
          <li
            className="flagWrapper"
            data-testid="de"
            onClick={[Function]}
          >
            <span
              className="fi fi-de fis"
            />
          </li>
          <li
            className="flagWrapper"
            data-testid="gr"
            onClick={[Function]}
          >
            <span
              className="fi fi-gr fis"
            />
          </li>
          <li
            className="flagWrapper"
            data-testid="gb"
            onClick={[Function]}
          >
            <span
              className="fi fi-gb fis"
            />
          </li>
          <li
            className="flagWrapper"
            data-testid="es"
            onClick={[Function]}
          >
            <span
              className="fi fi-es fis"
            />
          </li>
          <li
            className="flagWrapper"
            data-testid="ee"
            onClick={[Function]}
          >
            <span
              className="fi fi-ee fis"
            />
          </li>
          <li
            className="flagWrapper"
            data-testid="fi"
            onClick={[Function]}
          >
            <span
              className="fi fi-fi fis"
            />
          </li>
          <li
            className="flagWrapper"
            data-testid="fr"
            onClick={[Function]}
          >
            <span
              className="fi fi-fr fis"
            />
          </li>
          <li
            className="flagWrapper"
            data-testid="hu"
            onClick={[Function]}
          >
            <span
              className="fi fi-hu fis"
            />
          </li>
          <li
            className="flagWrapper"
            data-testid="id"
            onClick={[Function]}
          >
            <span
              className="fi fi-id fis"
            />
          </li>
          <li
            className="flagWrapper"
            data-testid="it"
            onClick={[Function]}
          >
            <span
              className="fi fi-it fis"
            />
          </li>
          <li
            className="flagWrapper"
            data-testid="jp"
            onClick={[Function]}
          >
            <span
              className="fi fi-jp fis"
            />
          </li>
          <li
            className="flagWrapper"
            data-testid="kr"
            onClick={[Function]}
          >
            <span
              className="fi fi-kr fis"
            />
          </li>
          <li
            className="flagWrapper"
            data-testid="lt"
            onClick={[Function]}
          >
            <span
              className="fi fi-lt fis"
            />
          </li>
          <li
            className="flagWrapper"
            data-testid="lv"
            onClick={[Function]}
          >
            <span
              className="fi fi-lv fis"
            />
          </li>
          <li
            className="flagWrapper"
            data-testid="no"
            onClick={[Function]}
          >
            <span
              className="fi fi-no fis"
            />
          </li>
          <li
            className="flagWrapper"
            data-testid="nl"
            onClick={[Function]}
          >
            <span
              className="fi fi-nl fis"
            />
          </li>
          <li
            className="flagWrapper"
            data-testid="pl"
            onClick={[Function]}
          >
            <span
              className="fi fi-pl fis"
            />
          </li>
          <li
            className="flagWrapper"
            data-testid="br"
            onClick={[Function]}
          >
            <span
              className="fi fi-br fis"
            />
          </li>
          <li
            className="flagWrapper"
            data-testid="pt"
            onClick={[Function]}
          >
            <span
              className="fi fi-pt fis"
            />
          </li>
          <li
            className="flagWrapper"
            data-testid="ro"
            onClick={[Function]}
          >
            <span
              className="fi fi-ro fis"
            />
          </li>
          <li
            className="flagWrapper"
            data-testid="ru"
            onClick={[Function]}
          >
            <span
              className="fi fi-ru fis"
            />
          </li>
          <li
            className="flagWrapper"
            data-testid="sk"
            onClick={[Function]}
          >
            <span
              className="fi fi-sk fis"
            />
          </li>
          <li
            className="flagWrapper"
            data-testid="si"
            onClick={[Function]}
          >
            <span
              className="fi fi-si fis"
            />
          </li>
          <li
            className="flagWrapper"
            data-testid="se"
            onClick={[Function]}
          >
            <span
              className="fi fi-se fis"
            />
          </li>
          <li
            className="flagWrapper"
            data-testid="tr"
            onClick={[Function]}
          >
            <span
              className="fi fi-tr fis"
            />
          </li>
          <li
            className="flagWrapper"
            data-testid="ua"
            onClick={[Function]}
          >
            <span
              className="fi fi-ua fis"
            />
          </li>
          <li
            className="flagWrapper"
            data-testid="cn"
            onClick={[Function]}
          >
            <span
              className="fi fi-cn fis"
            />
          </li>
        </ul>
      </div>
    </div>
  </div>
</header>
`;
